// Jest Snapshot v1, https://goo.gl/fbAQLP

exports[`Authoring Tool page snapshot test 1`] = `
<body>
  <div>
    <div
      class="moveable-control-box    rCSuehiy8"
      data-able-draggable="true"
      data-able-origin="true"
      data-able-padding="true"
      data-able-resizable="true"
      data-able-snappable="true"
      data-styled-id="rCSuehiy8"
      style="position: absolute; display: none; transform: translate3d(0px, 0px, 0); --zoom: 1; --zoompx: 1px;"
    >
      <div
        class="moveable-control moveable-direction moveable-n "
        data-direction="n"
        data-rotation="0"
        style="transform: translateZ(0px) translate(0px, 0px) rotate(0rad) scale(1);"
      />
      <div
        class="moveable-control moveable-direction moveable-w "
        data-direction="w"
        data-rotation="90"
        style="transform: translateZ(0px) translate(0px, 0px) rotate(0rad) scale(1);"
      />
      <div
        class="moveable-control moveable-direction moveable-s "
        data-direction="s"
        data-rotation="0"
        style="transform: translateZ(0px) translate(0px, 0px) rotate(0rad) scale(1);"
      />
      <div
        class="moveable-control moveable-direction moveable-e "
        data-direction="e"
        data-rotation="90"
        style="transform: translateZ(0px) translate(0px, 0px) rotate(0rad) scale(1);"
      />
      <div
        class="moveable-control moveable-direction moveable-nw "
        data-direction="nw"
        data-rotation="135"
        style="transform: translateZ(0px) translate(0px, 0px) rotate(0rad) scale(1);"
      />
      <div
        class="moveable-control moveable-direction moveable-ne "
        data-direction="ne"
        data-rotation="45"
        style="transform: translateZ(0px) translate(0px, 0px) rotate(0rad) scale(1);"
      />
      <div
        class="moveable-control moveable-direction moveable-sw "
        data-direction="sw"
        data-rotation="45"
        style="transform: translateZ(0px) translate(0px, 0px) rotate(0rad) scale(1);"
      />
      <div
        class="moveable-control moveable-direction moveable-se "
        data-direction="se"
        data-rotation="135"
        style="transform: translateZ(0px) translate(0px, 0px) rotate(0rad) scale(1);"
      />
      <div
        class="moveable-control moveable-origin"
        style="transform: translateZ(0px) translate(0px, 0px) rotate(0rad) scale(1);"
      />
      <div
        class="moveable-line moveable-direction "
        data-direction=""
        data-line-index="0"
        data-rotation="-1"
        style="transform: translateY(-50%) translate(0px, 0px) rotate(0rad) scaleY(1); width: 0px;"
      />
      <div
        class="moveable-line moveable-direction "
        data-direction=""
        data-line-index="1"
        data-rotation="-1"
        style="transform: translateY(-50%) translate(0px, 0px) rotate(0rad) scaleY(1); width: 0px;"
      />
      <div
        class="moveable-line moveable-direction "
        data-direction=""
        data-line-index="2"
        data-rotation="-1"
        style="transform: translateY(-50%) translate(0px, 0px) rotate(0rad) scaleY(1); width: 0px;"
      />
      <div
        class="moveable-line moveable-direction "
        data-direction=""
        data-line-index="3"
        data-rotation="-1"
        style="transform: translateY(-50%) translate(0px, 0px) rotate(0rad) scaleY(1); width: 0px;"
      />
    </div>
    <div
      class="canvasContainer"
    >
      <div
        class="canvas"
        id="canvas"
      />
    </div>
  </div>
</body>
`;
