// Jest Snapshot v1, https://goo.gl/fbAQLP

exports[`Scene Selection page snapshot test 1`] = `
<body>
  <div>
    <div
      class="colContainer"
    >
      <div
        class="topBar"
      >
        <ul
          class="leftTopBarList"
        >
          <li
            class="listItem"
          >
            <a
              aria-disabled="false"
              class="MuiButtonBase-root MuiButton-root MuiButton-outlined btn top outlined white"
              href="/"
              role="button"
              tabindex="0"
            >
              <span
                class="MuiButton-label"
              >
                Back
              </span>
              <span
                class="MuiTouchRipple-root"
              />
            </a>
          </li>
        </ul>
        <ul
          class="rightTopBarList"
        >
          <li
            class="listItem"
          >
            <button
              class="MuiButtonBase-root MuiButton-root WithStyles(ForwardRef(Button))-root-1 MuiButton-contained btn top contained   "
              tabindex="0"
              type="button"
            >
              <span
                class="MuiButton-label"
              >
                Delete
              </span>
              <span
                class="MuiTouchRipple-root"
              />
            </button>
            <button
              class="MuiButtonBase-root MuiButton-root MuiButton-contained btn top contained white   "
              tabindex="0"
              type="button"
            >
              <span
                class="MuiButton-label"
              >
                Edit
              </span>
              <span
                class="MuiTouchRipple-root"
              />
            </button>
            <a
              aria-disabled="false"
              class="MuiButtonBase-root MuiButton-root MuiButton-contained btn top contained white margin-left"
              href="/play/undefined"
              role="button"
              tabindex="0"
            >
              <span
                class="MuiButton-label"
              >
                Play
              </span>
              <span
                class="MuiTouchRipple-root"
              />
            </a>
            <button
              class="MuiButtonBase-root MuiButton-root MuiButton-outlined btn top contained white"
              tabindex="0"
              type="button"
            >
              <span
                class="MuiButton-label"
              >
                Share
              </span>
              <span
                class="MuiTouchRipple-root"
              />
            </button>
          </li>
        </ul>
      </div>
      <div />
      <div
        class="scenarioListContainerWide"
      >
        <ul
          class="MuiImageList-root"
          style="margin: -15px;"
        >
          <li
            class="MuiImageListItem-root"
            height="200"
            style="width: 20%; height: 240px; padding: 15px;"
          >
            <div
              class="MuiImageListItem-item"
            >
              <div
                class="imageListItemWide"
              >
                <div
                  class="MuiBox-root MuiBox-root-2"
                />
                <p
                  class="text"
                >
                  Create New Scene
                </p>
              </div>
            </div>
          </li>
          <li
            class="MuiImageListItem-root"
            height="200"
            style="width: 20%; height: 240px; padding: 15px;"
          >
            <div
              class="MuiImageListItem-item"
            >
              <div
                class="imageListItemWide"
              >
                <div
                  class="MuiBox-root MuiBox-root-3"
                />
                <p
                  class="text"
                >
                  test1
                </p>
              </div>
            </div>
          </li>
          <li
            class="MuiImageListItem-root"
            height="200"
            style="width: 20%; height: 240px; padding: 15px;"
          >
            <div
              class="MuiImageListItem-item"
            >
              <div
                class="imageListItemWide"
              >
                <div
                  class="MuiBox-root MuiBox-root-4"
                />
                <p
                  class="text"
                >
                  test2
                </p>
              </div>
            </div>
          </li>
        </ul>
      </div>
      <div />
    </div>
  </div>
</body>
`;
