// Jest Snapshot v1, https://goo.gl/fbAQLP

exports[`Scenario Selection page snapshot test 1`] = `
<div
  className="rowContainer"
>
  <div
    className="sideBar"
  >
    <img
      alt="UoA Medical & Health Science Logo"
      className="logo"
      src="uoa-med-and-health-sci-logo.png"
    />
    <ul
      className="sideBarList"
    >
      <li>
        <a
          aria-disabled={false}
          className="MuiButtonBase-root MuiButton-root MuiButton-contained btn side contained white"
          href="/scenario/changeThisToDynamicScenarioId"
          onBlur={[Function]}
          onClick={[Function]}
          onDragLeave={[Function]}
          onFocus={[Function]}
          onKeyDown={[Function]}
          onKeyUp={[Function]}
          onMouseDown={[Function]}
          onMouseLeave={[Function]}
          onMouseUp={[Function]}
          onTouchEnd={[Function]}
          onTouchMove={[Function]}
          onTouchStart={[Function]}
          role="button"
          tabIndex={0}
        >
          <span
            className="MuiButton-label"
          >
            Create
          </span>
        </a>
      </li>
      <li>
        <a
          aria-disabled={true}
          className="MuiButtonBase-root MuiButton-root MuiButton-contained btn side contained white buttonDisabled   Mui-disabled Mui-disabled"
          href="/scenario/null"
          onBlur={[Function]}
          onClick={[Function]}
          onDragLeave={[Function]}
          onFocus={[Function]}
          onKeyDown={[Function]}
          onKeyUp={[Function]}
          onMouseDown={[Function]}
          onMouseLeave={[Function]}
          onMouseUp={[Function]}
          onTouchEnd={[Function]}
          onTouchMove={[Function]}
          onTouchStart={[Function]}
          role="button"
          tabIndex={-1}
        >
          <span
            className="MuiButton-label"
          >
            Edit
          </span>
        </a>
      </li>
    </ul>
  </div>
  <div
    className="scenarioListContainer"
  >
    <p
      className="text"
    >
      No Scenarios
    </p>
  </div>
</div>
`;
