// Jest Snapshot v1, https://goo.gl/fbAQLP

exports[`Scenario Selection page snapshot test 1`] = `
<body>
  <div>
    <div
      class="rowContainer"
    >
      <div
        class="sideBar"
      >
        <img
          alt="UoA Medical & Health Science Logo"
          class="logo"
          src="uoa-med-and-health-sci-logo.png"
        />
        <ul
          class="sideBarList"
        >
          <li>
            <button
              class="MuiButtonBase-root MuiButton-root MuiButton-contained btn side contained white"
              tabindex="0"
              type="button"
            >
              <span
                class="MuiButton-label"
              >
                Create
              </span>
              <span
                class="MuiTouchRipple-root"
              />
            </button>
          </li>
          <li>
            <a
              aria-disabled="false"
              class="MuiButtonBase-root MuiButton-root MuiButton-contained btn side contained white margin-top   "
              href="/play/scenarioId"
              role="button"
              tabindex="0"
            >
              <span
                class="MuiButton-label"
              >
                Play
              </span>
              <span
                class="MuiTouchRipple-root"
              />
            </a>
          </li>
          <li>
            <a
              aria-disabled="false"
              class="MuiButtonBase-root MuiButton-root MuiButton-contained btn side contained white   "
              href="/scenario/scenarioId"
              role="button"
              tabindex="0"
            >
              <span
                class="MuiButton-label"
              >
                Edit
              </span>
              <span
                class="MuiTouchRipple-root"
              />
            </a>
          </li>
          <li>
            <button
              class="MuiButtonBase-root MuiButton-root WithStyles(ForwardRef(Button))-root-1 MuiButton-contained btn side contained"
              tabindex="0"
              type="button"
            >
              <span
                class="MuiButton-label"
              >
                Delete
              </span>
              <span
                class="MuiTouchRipple-root"
              />
            </button>
          </li>
        </ul>
      </div>
      <div
        class="scenarioListContainer"
      >
        <ul
          class="MuiImageList-root"
          style="margin: -15px;"
        >
          <li
            class="MuiImageListItem-root"
            height="200"
            style="width: 25%; height: 240px; padding: 15px;"
          >
            <div
              class="MuiImageListItem-item"
            >
              <div
                class="imageListItem"
              >
                <div
                  class="MuiBox-root MuiBox-root-2"
                />
                <p
                  class="text"
                >
                  test1
                </p>
              </div>
            </div>
          </li>
          <li
            class="MuiImageListItem-root"
            height="200"
            style="width: 25%; height: 240px; padding: 15px;"
          >
            <div
              class="MuiImageListItem-item"
            >
              <div
                class="imageListItem"
              >
                <div
                  class="MuiBox-root MuiBox-root-3"
                />
                <p
                  class="text"
                >
                  test2
                </p>
              </div>
            </div>
          </li>
        </ul>
      </div>
    </div>
  </div>
</body>
`;
