// Jest Snapshot v1, https://goo.gl/fbAQLP

exports[`Scene Selection page snapshot test 1`] = `
<body>
  <div>
    <div
      class="colContainer"
    >
      <div
        class="topBar"
      >
        <ul
          class="leftTopBarList"
        >
          <li
            class="listItem"
          >
            <a
              aria-disabled="false"
              class="MuiButtonBase-root MuiButton-root MuiButton-outlined btn top outlined white"
              href="/"
              role="button"
              tabindex="0"
            >
              <span
                class="MuiButton-label"
              >
                Back
              </span>
              <span
                class="MuiTouchRipple-root"
              />
            </a>
          </li>
        </ul>
        <ul
          class="rightTopBarList"
        >
          <li
            class="listItem"
          >
            <button
              class="MuiButtonBase-root MuiButton-root WithStyles(ForwardRef(Button))-root-1 MuiButton-contained btn top contained   "
              tabindex="0"
              type="button"
            >
              <span
                class="MuiButton-label"
              >
                Delete
              </span>
              <span
                class="MuiTouchRipple-root"
              />
            </button>
            <button
              class="MuiButtonBase-root MuiButton-root MuiButton-contained btn top contained white   "
              tabindex="0"
              type="button"
            >
              <span
                class="MuiButton-label"
              >
                Edit
              </span>
              <span
                class="MuiTouchRipple-root"
              />
            </button>
            <button
              class="MuiButtonBase-root MuiButton-root MuiButton-contained btn top contained white   "
              tabindex="0"
              type="button"
            >
              <span
                class="MuiButton-label"
              >
                Duplicate
              </span>
              <span
                class="MuiTouchRipple-root"
              />
            </button>
            <button
              class="MuiButtonBase-root MuiButton-root MuiButton-contained btn top contained white"
              tabindex="0"
              type="button"
            >
              <span
                class="MuiButton-label"
              >
                Play
              </span>
              <span
                class="MuiTouchRipple-root"
              />
            </button>
            <button
              class="MuiButtonBase-root MuiButton-root MuiButton-outlined btn top contained white"
              tabindex="0"
              type="button"
            >
              <span
                class="MuiButton-label"
              >
                Share
              </span>
              <span
                class="MuiTouchRipple-root"
              />
            </button>
            <button
              class="MuiButtonBase-root MuiButton-root MuiButton-outlined btn outlined white top"
              tabindex="0"
              type="button"
            >
              <span
                class="MuiButton-label"
              >
                <span
                  class="MuiButton-startIcon MuiButton-iconSizeMedium"
                >
                  <svg
                    aria-hidden="true"
                    class="MuiSvgIcon-root"
                    focusable="false"
                    viewBox="0 0 24 24"
                  >
                    <path
                      d="M12 2C6.48 2 2 6.48 2 12s4.48 10 10 10 10-4.48 10-10S17.52 2 12 2zm1 17h-2v-2h2v2zm2.07-7.75l-.9.92C13.45 12.9 13 13.5 13 15h-2v-.5c0-1.1.45-2.1 1.17-2.83l1.24-1.26c.37-.36.59-.86.59-1.41 0-1.1-.9-2-2-2s-2 .9-2 2H8c0-2.21 1.79-4 4-4s4 1.79 4 4c0 .88-.36 1.68-.93 2.25z"
                    />
                  </svg>
                </span>
                Help
              </span>
              <span
                class="MuiTouchRipple-root"
              />
            </button>
          </li>
        </ul>
      </div>
      <div />
      <div
        class="scenarioListContainerWide"
      >
        <ul
          class="MuiImageList-root"
          style="margin: -15px;"
        >
          <li
            class="MuiImageListItem-root makeStyles-listContainerItem-2"
            height="200"
            style="width: 20%; height: 240px; padding: 15px;"
          >
            <div
              class="MuiImageListItem-item"
            >
              <div
                class="imageListItemWide"
              >
                <div
                  class="MuiBox-root MuiBox-root-3"
                />
                <p
                  class="text"
                >
                  Create New Scene
                </p>
              </div>
            </div>
          </li>
          <li
            class="MuiImageListItem-root makeStyles-listContainerItem-2"
            height="200"
            style="width: 20%; height: 240px; padding: 15px;"
          >
            <div
              class="MuiImageListItem-item"
            >
              <div
                class="imageListItemWide"
              >
                <div
                  class="MuiBox-root MuiBox-root-4"
                >
                  <div
                    data-testid="div-outer-wrapper"
                    style="display: flex; align-items: center; justify-content: center; width: 100%; height: 100%;"
                  >
                    <div
                      data-testid="div-iframe-wrapper"
                      style="max-width: 266px; max-height: 150px; background-color: white; filter: drop-shadow(1px 1px 2px grey);"
                    >
                      <div
                        style="position: absolute; width: 100%; height: 150px; max-width: 266px; z-index: 10;"
                      >
                         
                      </div>
                      <span>
                        <span
                          class="react-loading-skeleton css-bvijti-skeletonStyles-Skeleton"
                          style="position: absolute; z-index: 15; width: 266px; height: 150px;"
                        >
                          ‌
                        </span>
                      </span>
                      <iframe
                        sandbox="allow-scripts allow-same-origin"
                        scrolling="no"
                        src="/play/undefined/1"
                        style="transform: scaleX(0.13854166666666667) scaleY(0.1388888888888889); transform-origin: 0 0; width: 1920px; height: 1080px; border: 0px;"
                        tabindex="-1"
                        title="webpage-thumbnail"
                      />
                    </div>
                  </div>
                </div>
                <input
                  class="text"
                  value="test1"
                />
              </div>
            </div>
          </li>
          <li
            class="MuiImageListItem-root makeStyles-listContainerItem-2"
            height="200"
            style="width: 20%; height: 240px; padding: 15px;"
          >
            <div
              class="MuiImageListItem-item"
            >
              <div
                class="imageListItemWide"
              >
                <div
                  class="MuiBox-root MuiBox-root-5"
                >
                  <div
                    data-testid="div-outer-wrapper"
                    style="display: flex; align-items: center; justify-content: center; width: 100%; height: 100%;"
                  >
                    <div
                      data-testid="div-iframe-wrapper"
                      style="max-width: 266px; max-height: 150px; background-color: white; filter: drop-shadow(1px 1px 2px grey);"
                    >
                      <div
                        style="position: absolute; width: 100%; height: 150px; max-width: 266px; z-index: 10;"
                      >
                         
                      </div>
                      <span>
                        <span
                          class="react-loading-skeleton css-bvijti-skeletonStyles-Skeleton"
                          style="position: absolute; z-index: 15; width: 266px; height: 150px;"
                        >
                          ‌
                        </span>
                      </span>
                      <iframe
                        sandbox="allow-scripts allow-same-origin"
                        scrolling="no"
                        src="/play/undefined/2"
                        style="transform: scaleX(0.13854166666666667) scaleY(0.1388888888888889); transform-origin: 0 0; width: 1920px; height: 1080px; border: 0px;"
                        tabindex="-1"
                        title="webpage-thumbnail"
                      />
                    </div>
                  </div>
                </div>
                <input
                  class="text"
                  value="test2"
                />
              </div>
            </div>
          </li>
        </ul>
      </div>
      <div />
    </div>
  </div>
</body>
`;
