// Jest Snapshot v1, https://goo.gl/fbAQLP

exports[`Scenario Selection page snapshot test 1`] = `
<div
  className="rowContainer"
>
  <div
    className="sideBar"
  >
    <img
      alt="UoA Medical & Health Science Logo"
      className="logo"
      src="uoa-med-and-health-sci-logo.png"
    />
    <ul
      className="sideBarList"
    >
      <li>
        <button
          className="MuiButtonBase-root MuiButton-root MuiButton-contained btn side contained white"
          disabled={false}
          onBlur={[Function]}
          onClick={[Function]}
          onDragLeave={[Function]}
          onFocus={[Function]}
          onKeyDown={[Function]}
          onKeyUp={[Function]}
          onMouseDown={[Function]}
          onMouseLeave={[Function]}
          onMouseUp={[Function]}
          onTouchEnd={[Function]}
          onTouchMove={[Function]}
          onTouchStart={[Function]}
          tabIndex={0}
          type="button"
        >
          <span
            className="MuiButton-label"
          >
            Create
          </span>
        </button>
      </li>
      <li>
        <a
          aria-disabled={true}
          className="MuiButtonBase-root MuiButton-root MuiButton-contained btn side contained white buttonDisabled   Mui-disabled Mui-disabled"
          href="/scenario/null"
          onBlur={[Function]}
          onClick={[Function]}
          onDragLeave={[Function]}
          onFocus={[Function]}
          onKeyDown={[Function]}
          onKeyUp={[Function]}
          onMouseDown={[Function]}
          onMouseLeave={[Function]}
          onMouseUp={[Function]}
          onTouchEnd={[Function]}
          onTouchMove={[Function]}
          onTouchStart={[Function]}
          role="button"
          tabIndex={-1}
        >
          <span
            className="MuiButton-label"
          >
            Edit
          </span>
        </a>
      </li>
    </ul>
  </div>
  <div
    className="scenarioListContainer"
  >
    <ul
      className="MuiImageList-root"
      style={
        Object {
          "margin": -15,
        }
      }
    >
      <li
        className="MuiImageListItem-root"
        height={200}
        onClick={[Function]}
        style={
          Object {
            "height": 240,
            "padding": 15,
            "width": "25%",
          }
        }
      >
        <div
          className="MuiImageListItem-item"
        >
          <div
            className="imageListItem"
          >
            <div
              className="MuiBox-root MuiBox-root-1"
            />
            <p
              className="text"
            >
              test1
            </p>
          </div>
        </div>
      </li>
      <li
        className="MuiImageListItem-root"
        height={200}
        onClick={[Function]}
        style={
          Object {
            "height": 240,
            "padding": 15,
            "width": "25%",
          }
        }
      >
        <div
          className="MuiImageListItem-item"
        >
          <div
            className="imageListItem"
          >
            <div
              className="MuiBox-root MuiBox-root-2"
            />
            <p
              className="text"
            >
              test2
            </p>
          </div>
        </div>
      </li>
    </ul>
  </div>
</div>
`;
