// Jest Snapshot v1, https://goo.gl/fbAQLP

exports[`Dashed Card component snapshot test 1`] = `
<div
  className="imageListItemWide"
>
  <div
    style={
      Object {
        "position": "relative",
      }
    }
  >
    <div
      className="MuiBox-root MuiBox-root-1"
    />
    <div
      className="crossHorizontalLine"
    />
    <div
      className="crossVerticalLine"
    />
  </div>
  <p
    className="text"
  >
    Create New Scene
  </p>
</div>
`;
