// Jest Snapshot v1, https://goo.gl/fbAQLP

exports[`ImageListContainer component snapshot test 1`] = `
<ul
  className="MuiImageList-root"
  style={
    Object {
      "margin": -5,
    }
  }
>
  <li
    className="MuiImageListItem-root"
    height={150}
    onClick={[Function]}
    style={
      Object {
        "height": 160,
        "padding": 5,
        "width": "50%",
      }
    }
  >
    <div
      className="MuiImageListItem-item"
    >
      <div
        className="MuiBox-root MuiBox-root-1"
      />
    </div>
  </li>
  <li
    className="MuiImageListItem-root"
    height={150}
    onClick={[Function]}
    style={
      Object {
        "height": 160,
        "padding": 5,
        "width": "50%",
      }
    }
  >
    <div
      className="MuiImageListItem-item"
    >
      <div
        className="MuiBox-root MuiBox-root-2"
      />
    </div>
  </li>
</ul>
`;
