// Jest Snapshot v1, https://goo.gl/fbAQLP

exports[`ListContainer component snapshot test 1`] = `
<div
  className="scenarioListContainer"
>
  <h1>
    Created scenarios
  </h1>
  <ul
    className="MuiImageList-root"
    style={
      Object {
        "margin": -15,
      }
    }
  >
    <li
      className="MuiImageListItem-root makeStyles-listContainerItem-1"
      height={200}
      onClick={[Function]}
      onContextMenu={[Function]}
      style={
        Object {
          "height": 240,
          "padding": 15,
          "width": "25%",
        }
      }
    >
      <div
        className="MuiImageListItem-item"
      >
        <div
          className="imageListItem"
        >
          <div
            className="MuiBox-root MuiBox-root-2"
          >
            <svg
              viewBox="0 0 1920 1080"
            >
              <rect
                fill="white"
                height="1080"
                width="1920"
                x="0"
                y="0"
              />
            </svg>
          </div>
          <input
            className="text"
            defaultValue="Scenario 1"
          />
        </div>
      </div>
    </li>
  </ul>
</div>
`;
