// Jest Snapshot v1, https://goo.gl/fbAQLP

exports[`Side Bar component snapshot test 1`] = `
<div
  className="sideBar"
>
  <img
    alt="UoA Medical & Health Science Logo"
    className="logo"
    src="uoa-med-and-health-sci-logo.png"
  />
  <ul
    className="sideBarList"
  >
    <li>
      <button
        className="MuiButtonBase-root MuiButton-root MuiButton-contained btn side contained white"
        disabled={false}
        onBlur={[Function]}
        onClick={[Function]}
        onDragLeave={[Function]}
        onFocus={[Function]}
        onKeyDown={[Function]}
        onKeyUp={[Function]}
        onMouseDown={[Function]}
        onMouseLeave={[Function]}
        onMouseUp={[Function]}
        onTouchEnd={[Function]}
        onTouchMove={[Function]}
        onTouchStart={[Function]}
        tabIndex={0}
        type="button"
      >
        <span
          className="MuiButton-label"
        >
          Create
        </span>
      </button>
    </li>
    <li>
      <button
        className="MuiButtonBase-root MuiButton-root MuiButton-contained btn side contained white margin-top disabled   Mui-disabled Mui-disabled"
        disabled={true}
        onBlur={[Function]}
        onClick={[Function]}
        onDragLeave={[Function]}
        onFocus={[Function]}
        onKeyDown={[Function]}
        onKeyUp={[Function]}
        onMouseDown={[Function]}
        onMouseLeave={[Function]}
        onMouseUp={[Function]}
        onTouchEnd={[Function]}
        onTouchMove={[Function]}
        onTouchStart={[Function]}
        tabIndex={-1}
        type="button"
      >
        <span
          className="MuiButton-label"
        >
          Play
        </span>
      </button>
    </li>
    <li>
      <a
        aria-disabled={true}
        className="MuiButtonBase-root MuiButton-root MuiButton-contained btn side contained white disabled   Mui-disabled Mui-disabled"
        href="/scenario/null"
        onBlur={[Function]}
        onClick={[Function]}
        onDragLeave={[Function]}
        onFocus={[Function]}
        onKeyDown={[Function]}
        onKeyUp={[Function]}
        onMouseDown={[Function]}
        onMouseLeave={[Function]}
        onMouseUp={[Function]}
        onTouchEnd={[Function]}
        onTouchMove={[Function]}
        onTouchStart={[Function]}
        role="button"
        tabIndex={-1}
      >
        <span
          className="MuiButton-label"
        >
          Edit
        </span>
      </a>
    </li>
    <li>
      <button
        className="MuiButtonBase-root MuiButton-root WithStyles(ForwardRef(Button))-root-1 MuiButton-contained btn side contained Mui-disabled Mui-disabled"
        disabled={true}
        onBlur={[Function]}
        onClick={[Function]}
        onDragLeave={[Function]}
        onFocus={[Function]}
        onKeyDown={[Function]}
        onKeyUp={[Function]}
        onMouseDown={[Function]}
        onMouseLeave={[Function]}
        onMouseUp={[Function]}
        onTouchEnd={[Function]}
        onTouchMove={[Function]}
        onTouchStart={[Function]}
        tabIndex={-1}
        type="button"
      >
        <span
          className="MuiButton-label"
        >
          Delete
        </span>
      </button>
    </li>
    <li>
      <button
        className="MuiButtonBase-root MuiButton-root MuiButton-contained btn side contained white"
        disabled={false}
        onBlur={[Function]}
        onClick={[Function]}
        onDragLeave={[Function]}
        onFocus={[Function]}
        onKeyDown={[Function]}
        onKeyUp={[Function]}
        onMouseDown={[Function]}
        onMouseLeave={[Function]}
        onMouseUp={[Function]}
        onTouchEnd={[Function]}
        onTouchMove={[Function]}
        onTouchStart={[Function]}
        tabIndex={0}
        type="button"
      >
        <span
          className="MuiButton-label"
        >
          Logout
        </span>
      </button>
    </li>
  </ul>
</div>
`;
