// Jest Snapshot v1, https://goo.gl/fbAQLP

exports[`Scenario Selection page snapshot test 1`] = `
<div
  className="componentPropertiesContainer"
>
  <h1
    className="sideBarHeader"
  >
    Properties
  </h1>
  <div
    className="sideBarBody empty"
  >
    <p
      className="noComponentSelectedText"
    >
      No component selected
    </p>
  </div>
</div>
`;
