// Jest Snapshot v1, https://goo.gl/fbAQLP

exports[`Scenario Selection page snapshot test 1`] = `
<body>
  <div>
    <button
      class="MuiButtonBase-root MuiButton-root MuiButton-contained btn top contained white makeStyles-testButton-1"
      tabindex="0"
      type="button"
    >
      <span
        class="MuiButton-label"
      >
        TEST COMPONENT
      </span>
      <span
        class="MuiTouchRipple-root"
      />
    </button>
  </div>
</body>
`;
