// Jest Snapshot v1, https://goo.gl/fbAQLP

exports[`Scenario Selection page snapshot test 1`] = `
<body>
  <div>
    <div
      class="MuiBox-root MuiBox-root-2 btn top  white makeStyles-testButton-1"
    >
      <img
        alt="1"
        src="https://avatars.githubusercontent.com/u/52368549?v=4"
      />
    </div>
  </div>
</body>
`;
