// Jest Snapshot v1, https://goo.gl/fbAQLP

exports[`Add firebase audio component snapshot test 1`] = `
<body>
  <div>
    <audio
      autoplay=""
      class="react-audio-player "
      id=""
      preload="metadata"
      src="undefined"
      title="undefined"
    >
      <p>
        Your browser does not support the 
        <code>
          audio
        </code>
         element.
      </p>
    </audio>
  </div>
</body>
`;
