// Jest Snapshot v1, https://goo.gl/fbAQLP

exports[`Add button component snapshot test 1`] = `
<body>
  <div>
    <button
      class="MuiButtonBase-root MuiButton-root MuiButton-text btn undefined undefined makeStyles-defaultComponentStyling-1"
      style="z-index: 0;"
      tabindex="0"
      type="button"
    >
      <span
        class="MuiButton-label"
      />
      <span
        class="MuiTouchRipple-root"
      />
    </button>
  </div>
</body>
`;
