// Jest Snapshot v1, https://goo.gl/fbAQLP

exports[`Add image component snapshot test 1`] = `
<body>
  <div>
    <div
      style="background-color: rgb(255, 255, 255); position: relative; display: contents; cursor: pointer;"
    >
      
      <div
        style="width: 100%; height: 100%; position: absolute; top: 0px; left: 0px; display: flex; align-items: center; justify-content: center; pointer-events: none;"
      >
        <div
          class="MuiCircularProgress-root MuiCircularProgress-colorPrimary MuiCircularProgress-indeterminate"
          role="progressbar"
          style="width: 48px; height: 48px;"
        >
          <svg
            class="MuiCircularProgress-svg"
            viewBox="22 22 44 44"
          >
            <circle
              class="MuiCircularProgress-circle MuiCircularProgress-circleIndeterminate"
              cx="44"
              cy="44"
              fill="none"
              r="20.2"
              stroke-width="3.6"
            />
          </svg>
        </div>
      </div>
    </div>
  </div>
</body>
`;
