// Jest Snapshot v1, https://goo.gl/fbAQLP

exports[`PlayScenario page snapshot test 1`] = `
<body>
  <div>
    <div
      class="makeStyles-canvasContainer-1"
    >
      <div>
        <div>
          <span
            aria-valuemax="100"
            aria-valuemin="0"
            aria-valuenow="40"
            class="MuiLinearProgress-root MuiLinearProgress-colorInherit MuiLinearProgress-determinate css-futumu-MuiLinearProgress-root"
            role="progressbar"
            style="height: 10px; width: 100%; position: relative; color: rgb(0, 189, 167);"
          >
            <span
              class="MuiLinearProgress-bar MuiLinearProgress-barColorInherit MuiLinearProgress-bar1Determinate css-1wqgwi1-MuiLinearProgress-bar1"
              style="transform: translateX(-60%);"
            />
          </span>
        </div>
      </div>
    </div>
    <div />
  </div>
</body>
`;

exports[`PlayScenario page when no current SceneID snapshot test 1`] = `
<body>
  <div>
    <div
      class="MuiGrid-root MuiGrid-container MuiGrid-direction-xs-column MuiGrid-align-items-xs-center MuiGrid-justify-content-xs-center"
      style="min-height: 100vh;"
    >
      <div
        class="MuiGrid-root MuiGrid-container MuiGrid-direction-xs-column MuiGrid-align-items-xs-center MuiGrid-justify-content-xs-center"
      >
        <div
          class="MuiGrid-root MuiGrid-item"
        >
          <div
            class="MuiCircularProgress-root MuiCircularProgress-colorPrimary MuiCircularProgress-indeterminate"
            role="progressbar"
            style="width: 40px; height: 40px; color: rgb(0, 138, 123);"
          >
            <svg
              class="MuiCircularProgress-svg"
              viewBox="22 22 44 44"
            >
              <circle
                class="MuiCircularProgress-circle MuiCircularProgress-circleIndeterminate"
                cx="44"
                cy="44"
                fill="none"
                r="20.2"
                stroke-width="3.6"
              />
            </svg>
          </div>
        </div>
        <div
          class="MuiGrid-root MuiGrid-item"
        >
          <p
            class="MuiTypography-root MuiTypography-body1"
          >
            Loading contents...
          </p>
        </div>
      </div>
    </div>
  </div>
</body>
`;
