// Jest Snapshot v1, https://goo.gl/fbAQLP

exports[`PlayScenarioCanvas component snapshot test 1`] = `
<body>
  <div>
    <p
      class="MuiTypography-root makeStyles-defaultComponentStyling-1 makeStyles-textComponentStyles-2 MuiTypography-body1"
      id="0"
      style="z-index: 0;"
    >
      default text
    </p>
    <button
      class="MuiButtonBase-root MuiButton-root MuiButton-contained btn contained white makeStyles-defaultComponentStyling-5"
      id="1"
      style="z-index: 0;"
      tabindex="0"
      type="button"
    >
      <span
        class="MuiButton-label"
      >
        Button
      </span>
      <span
        class="MuiTouchRipple-root"
      />
    </button>
  </div>
</body>
`;
