// Jest Snapshot v1, https://goo.gl/fbAQLP

exports[`PlayScenario page snapshot test 1`] = `
<body>
  <div>
    <div
      class="makeStyles-canvasContainer-1"
    >
      <div />
    </div>
  </div>
</body>
`;

exports[`PlayScenario page when no current SceneID snapshot test 1`] = `
<body>
  <div>
    <div
      class="MuiGrid-root MuiGrid-container MuiGrid-direction-xs-column MuiGrid-align-items-xs-center MuiGrid-justify-content-xs-center"
      style="min-height: 100vh;"
    >
      <div
        class="MuiGrid-root MuiGrid-container MuiGrid-direction-xs-column MuiGrid-align-items-xs-center MuiGrid-justify-content-xs-center"
      >
        <div
          class="MuiGrid-root MuiGrid-item"
        >
          <div
            class="MuiCircularProgress-root MuiCircularProgress-colorPrimary MuiCircularProgress-indeterminate"
            role="progressbar"
            style="width: 40px; height: 40px; color: rgb(0, 138, 123);"
          >
            <svg
              class="MuiCircularProgress-svg"
              viewBox="22 22 44 44"
            >
              <circle
                class="MuiCircularProgress-circle MuiCircularProgress-circleIndeterminate"
                cx="44"
                cy="44"
                fill="none"
                r="20.2"
                stroke-width="3.6"
              />
            </svg>
          </div>
        </div>
        <div
          class="MuiGrid-root MuiGrid-item"
        >
          <p
            class="MuiTypography-root MuiTypography-body1"
          >
            Loading contents...
          </p>
        </div>
      </div>
    </div>
  </div>
</body>
`;
